<html>
<body>
<pre>
<h1>礦ision Build Log</h1>
<h2>Project:</h2>
D:\学习\全动电子液晶测试程序\液晶模块配套资料整理\最新模块代码资料制作\3.2寸ILI9341B_6颗灯模块配套资料Rev2.1\STM32综合测试程序3.2寸ILI9341_240X320_FSMC\USER\TOUCH.uvproj
Project File Date:  12/03/2014

<h2>Output:</h2>
Build target 'Target 1'
compiling main.c...
main.c(52): warning:  #177-D: variable "i" was declared but never referenced
  {     u16 i=0;        
main.c: 1 warning, 0 errors
linking...
Program Size: Code=5848 RO-data=336 RW-data=52 ZI-data=1652  
FromELF: creating hex file...
"..\OBJ\TOUCH.axf" - 0 Error(s), 1 Warning(s).
Load "..\\OBJ\\TOUCH.axf" 
Set JLink Project File to "D:\学习\全动电子液晶测试程序\液晶模块配套资料整理\最新模块代码资料制作\3.2寸ILI9341B_6颗灯模块配套资料Rev2.1\STM32综合测试程序3.2寸ILI9341_240X320_FSMC\USER\JLinkSettings.ini"
* JLink Info: Device "STM32F103ZE" selected (512 KB flash, 64 KB RAM).
 
JLink info:
------------
DLL: V4.80g, compiled Feb 13 2014 20:50:02
Firmware: J-Link ARM V8 compiled Jan 31 2018 18:34:52
Hardware: V8.00
S/N : 20080643 
Feature(s) : RDI,FlashDL,FlashBP,JFlash,GDBFull 
 
* JLink Info: Found SWD-DP with ID 0x1BA01477
* JLink Info: Found SWD-DP with ID 0x1BA01477
* JLink Info: Found Cortex-M3 r1p1, Little endian.
* JLink Info: FPUnit: 6 code (BP) slots and 2 literal slots
* JLink Info: TPIU fitted.
* JLink Info: ETM fitted.
ROMTableAddr = 0xE00FF003
 
Target info:
------------
Device: STM32F103ZE
VTarget = 3.319V
State of Pins: 
TCK: 0, TDI: 1, TDO: 1, TMS: 0, TRES: 1, TRST: 1
Hardware-Breakpoints: 6
Software-Breakpoints: 8192
Watchpoints:          4
JTAG speed: 4000 kHz
 
Erase Done.
Programming Done.
Verify OK.
Application running ...
</pre>
</body>
</html>
